2026-10-02 05:02:20.776 moonshine-probe[90671:14264402] 2026-10-02 05:02:20.776397 [W:onnxruntime:, coreml_execution_provider.cc:113 GetCapability] CoreMLExecutionProvider::GetCapability, number of partitions supported by CoreML: 4 number of nodes in the graph: 44 number of nodes supported by CoreML: 13
2026-10-02 05:02:21.034 moonshine-probe[90671:14264402] 2026-10-02 05:02:21.034682 [W:onnxruntime:, helper.cc:78 IsInputSupported] CoreML does not support shapes with dimension values of 0. Input:/blocks.0/attn/Slice_1_output_0, shape: {0}
2026-10-02 05:02:21.034 moonshine-probe[90671:14264402] 2026-10-02 05:02:21.034764 [W:onnxruntime:, helper.cc:78 IsInputSupported] CoreML does not support shapes with dimension values of 0. Input:/blocks.0/attn/Slice_3_output_0, shape: {0}
2026-10-02 05:02:21.034 moonshine-probe[90671:14264402] 2026-10-02 05:02:21.034779 [W:onnxruntime:, helper.cc:78 IsInputSupported] CoreML does not support shapes with dimension values of 0. Input:/blocks.0/attn/Slice_5_output_0, shape: {0}
2026-10-02 05:02:21.034 moonshine-probe[90671:14264402] 2026-10-02 05:02:21.034808 [W:onnxruntime:, helper.cc:78 IsInputSupported] CoreML does not support shapes with dimension values of 0. Input:/blocks.1/attn/Slice_1_output_0, shape: {0}
2026-10-02 05:02:21.034 moonshine-probe[90671:14264402] 2026-10-02 05:02:21.034819 [W:onnxruntime:, helper.cc:78 IsInputSupported] CoreML does not support shapes with dimension values of 0. Input:/blocks.1/attn/Slice_3_output_0, shape: {0}
2026-10-02 05:02:21.034 moonshine-probe[90671:14264402] 2026-10-02 05:02:21.034829 [W:onnxruntime:, helper.cc:78 IsInputSupported] CoreML does not support shapes with dimension values of 0. Input:/blocks.1/attn/Slice_5_output_0, shape: {0}
2026-10-02 05:02:21.034 moonshine-probe[90671:14264402] 2026-10-02 05:02:21.034853 [W:onnxruntime:, helper.cc:78 IsInputSupported] CoreML does not support shapes with dimension values of 0. Input:/blocks.2/attn/Slice_1_output_0, shape: {0}
2026-10-02 05:02:21.034 moonshine-probe[90671:14264402] 2026-10-02 05:02:21.034863 [W:onnxruntime:, helper.cc:78 IsInputSupported] CoreML does not support shapes with dimension values of 0. Input:/blocks.2/attn/Slice_3_output_0, shape: {0}
2026-10-02 05:02:21.034 moonshine-probe[90671:14264402] 2026-10-02 05:02:21.034872 [W:onnxruntime:, helper.cc:78 IsInputSupported] CoreML does not support shapes with dimension values of 0. Input:/blocks.2/attn/Slice_5_output_0, shape: {0}
2026-10-02 05:02:21.034 moonshine-probe[90671:14264402] 2026-10-02 05:02:21.034894 [W:onnxruntime:, helper.cc:78 IsInputSupported] CoreML does not support shapes with dimension values of 0. Input:/blocks.3/attn/Slice_1_output_0, shape: {0}
2026-10-02 05:02:21.034 moonshine-probe[90671:14264402] 2026-10-02 05:02:21.034903 [W:onnxruntime:, helper.cc:78 IsInputSupported] CoreML does not support shapes with dimension values of 0. Input:/blocks.3/attn/Slice_3_output_0, shape: {0}
2026-10-02 05:02:21.034 moonshine-probe[90671:14264402] 2026-10-02 05:02:21.034912 [W:onnxruntime:, helper.cc:78 IsInputSupported] CoreML does not support shapes with dimension values of 0. Input:/blocks.3/attn/Slice_5_output_0, shape: {0}
2026-10-02 05:02:21.034 moonshine-probe[90671:14264402] 2026-10-02 05:02:21.034936 [W:onnxruntime:, helper.cc:78 IsInputSupported] CoreML does not support shapes with dimension values of 0. Input:/blocks.4/attn/Slice_1_output_0, shape: {0}
2026-10-02 05:02:21.034 moonshine-probe[90671:14264402] 2026-10-02 05:02:21.034946 [W:onnxruntime:, helper.cc:78 IsInputSupported] CoreML does not support shapes with dimension values of 0. Input:/blocks.4/attn/Slice_3_output_0, shape: {0}
2026-10-02 05:02:21.034 moonshine-probe[90671:14264402] 2026-10-02 05:02:21.034954 [W:onnxruntime:, helper.cc:78 IsInputSupported] CoreML does not support shapes with dimension values of 0. Input:/blocks.4/attn/Slice_5_output_0, shape: {0}
2026-10-02 05:02:21.034 moonshine-probe[90671:14264402] 2026-10-02 05:02:21.034974 [W:onnxruntime:, helper.cc:78 IsInputSupported] CoreML does not support shapes with dimension values of 0. Input:/blocks.5/attn/Slice_1_output_0, shape: {0}
2026-10-02 05:02:21.035 moonshine-probe[90671:14264402] 2026-10-02 05:02:21.035018 [W:onnxruntime:, helper.cc:78 IsInputSupported] CoreML does not support shapes with dimension values of 0. Input:/blocks.5/attn/Slice_3_output_0, shape: {0}
2026-10-02 05:02:21.035 moonshine-probe[90671:14264402] 2026-10-02 05:02:21.035026 [W:onnxruntime:, helper.cc:78 IsInputSupported] CoreML does not support shapes with dimension values of 0. Input:/blocks.5/attn/Slice_5_output_0, shape: {0}
2026-10-02 05:02:21.035 moonshine-probe[90671:14264402] 2026-10-02 05:02:21.035047 [W:onnxruntime:, helper.cc:78 IsInputSupported] CoreML does not support shapes with dimension values of 0. Input:/blocks.6/attn/Slice_1_output_0, shape: {0}
2026-10-02 05:02:21.035 moonshine-probe[90671:14264402] 2026-10-02 05:02:21.035056 [W:onnxruntime:, helper.cc:78 IsInputSupported] CoreML does not support shapes with dimension values of 0. Input:/blocks.6/attn/Slice_3_output_0, shape: {0}
2026-10-02 05:02:21.035 moonshine-probe[90671:14264402] 2026-10-02 05:02:21.035064 [W:onnxruntime:, helper.cc:78 IsInputSupported] CoreML does not support shapes with dimension values of 0. Input:/blocks.6/attn/Slice_5_output_0, shape: {0}
2026-10-02 05:02:21.035 moonshine-probe[90671:14264402] 2026-10-02 05:02:21.035085 [W:onnxruntime:, helper.cc:78 IsInputSupported] CoreML does not support shapes with dimension values of 0. Input:/blocks.7/attn/Slice_1_output_0, shape: {0}
2026-10-02 05:02:21.035 moonshine-probe[90671:14264402] 2026-10-02 05:02:21.035093 [W:onnxruntime:, helper.cc:78 IsInputSupported] CoreML does not support shapes with dimension values of 0. Input:/blocks.7/attn/Slice_3_output_0, shape: {0}
2026-10-02 05:02:21.035 moonshine-probe[90671:14264402] 2026-10-02 05:02:21.035101 [W:onnxruntime:, helper.cc:78 IsInputSupported] CoreML does not support shapes with dimension values of 0. Input:/blocks.7/attn/Slice_5_output_0, shape: {0}
2026-10-02 05:02:21.035 moonshine-probe[90671:14264402] 2026-10-02 05:02:21.035125 [W:onnxruntime:, helper.cc:78 IsInputSupported] CoreML does not support shapes with dimension values of 0. Input:/blocks.8/attn/Slice_1_output_0, shape: {0}
2026-10-02 05:02:21.035 moonshine-probe[90671:14264402] 2026-10-02 05:02:21.035134 [W:onnxruntime:, helper.cc:78 IsInputSupported] CoreML does not support shapes with dimension values of 0. Input:/blocks.8/attn/Slice_3_output_0, shape: {0}
2026-10-02 05:02:21.035 moonshine-probe[90671:14264402] 2026-10-02 05:02:21.035141 [W:onnxruntime:, helper.cc:78 IsInputSupported] CoreML does not support shapes with dimension values of 0. Input:/blocks.8/attn/Slice_5_output_0, shape: {0}
2026-10-02 05:02:21.035 moonshine-probe[90671:14264402] 2026-10-02 05:02:21.035161 [W:onnxruntime:, helper.cc:78 IsInputSupported] CoreML does not support shapes with dimension values of 0. Input:/blocks.9/attn/Slice_1_output_0, shape: {0}
2026-10-02 05:02:21.035 moonshine-probe[90671:14264402] 2026-10-02 05:02:21.035169 [W:onnxruntime:, helper.cc:78 IsInputSupported] CoreML does not support shapes with dimension values of 0. Input:/blocks.9/attn/Slice_3_output_0, shape: {0}
2026-10-02 05:02:21.035 moonshine-probe[90671:14264402] 2026-10-02 05:02:21.035177 [W:onnxruntime:, helper.cc:78 IsInputSupported] CoreML does not support shapes with dimension values of 0. Input:/blocks.9/attn/Slice_5_output_0, shape: {0}
2026-10-02 05:02:21.035 moonshine-probe[90671:14264402] 2026-10-02 05:02:21.035485 [W:onnxruntime:, coreml_execution_provider.cc:113 GetCapability] CoreMLExecutionProvider::GetCapability, number of partitions supported by CoreML: 91 number of nodes in the graph: 529 number of nodes supported by CoreML: 272
2026-10-02 05:02:21.706 moonshine-probe[90671:14264402] 2026-10-02 05:02:21.706103 [W:onnxruntime:, coreml_execution_provider.cc:113 GetCapability] CoreMLExecutionProvider::GetCapability, number of partitions supported by CoreML: 2 number of nodes in the graph: 12 number of nodes supported by CoreML: 2
2026-10-02 05:02:21.819 moonshine-probe[90671:14264402] 2026-10-02 05:02:21.819704 [W:onnxruntime:, helper.cc:78 IsInputSupported] CoreML does not support shapes with dimension values of 0. Input:/Slice_4_output_0, shape: {0}
2026-10-02 05:02:21.819 moonshine-probe[90671:14264402] 2026-10-02 05:02:21.819785 [W:onnxruntime:, helper.cc:78 IsInputSupported] CoreML does not support shapes with dimension values of 0. Input:/Slice_9_output_0, shape: {0}
2026-10-02 05:02:21.819 moonshine-probe[90671:14264402] 2026-10-02 05:02:21.819822 [W:onnxruntime:, helper.cc:78 IsInputSupported] CoreML does not support shapes with dimension values of 0. Input:/Slice_14_output_0, shape: {0}
2026-10-02 05:02:21.819 moonshine-probe[90671:14264402] 2026-10-02 05:02:21.819833 [W:onnxruntime:, helper.cc:78 IsInputSupported] CoreML does not support shapes with dimension values of 0. Input:/Slice_19_output_0, shape: {0}
2026-10-02 05:02:21.819 moonshine-probe[90671:14264402] 2026-10-02 05:02:21.819862 [W:onnxruntime:, helper.cc:78 IsInputSupported] CoreML does not support shapes with dimension values of 0. Input:/Slice_24_output_0, shape: {0}
2026-10-02 05:02:21.819 moonshine-probe[90671:14264402] 2026-10-02 05:02:21.819872 [W:onnxruntime:, helper.cc:78 IsInputSupported] CoreML does not support shapes with dimension values of 0. Input:/Slice_29_output_0, shape: {0}
2026-10-02 05:02:21.819 moonshine-probe[90671:14264402] 2026-10-02 05:02:21.819899 [W:onnxruntime:, helper.cc:78 IsInputSupported] CoreML does not support shapes with dimension values of 0. Input:/Slice_34_output_0, shape: {0}
2026-10-02 05:02:21.819 moonshine-probe[90671:14264402] 2026-10-02 05:02:21.819908 [W:onnxruntime:, helper.cc:78 IsInputSupported] CoreML does not support shapes with dimension values of 0. Input:/Slice_39_output_0, shape: {0}
2026-10-02 05:02:21.819 moonshine-probe[90671:14264402] 2026-10-02 05:02:21.819934 [W:onnxruntime:, helper.cc:78 IsInputSupported] CoreML does not support shapes with dimension values of 0. Input:/Slice_44_output_0, shape: {0}
2026-10-02 05:02:21.819 moonshine-probe[90671:14264402] 2026-10-02 05:02:21.819943 [W:onnxruntime:, helper.cc:78 IsInputSupported] CoreML does not support shapes with dimension values of 0. Input:/Slice_49_output_0, shape: {0}
2026-10-02 05:02:21.819 moonshine-probe[90671:14264402] 2026-10-02 05:02:21.819969 [W:onnxruntime:, helper.cc:78 IsInputSupported] CoreML does not support shapes with dimension values of 0. Input:/Slice_54_output_0, shape: {0}
2026-10-02 05:02:21.819 moonshine-probe[90671:14264402] 2026-10-02 05:02:21.819977 [W:onnxruntime:, helper.cc:78 IsInputSupported] CoreML does not support shapes with dimension values of 0. Input:/Slice_59_output_0, shape: {0}
2026-10-02 05:02:21.820 moonshine-probe[90671:14264402] 2026-10-02 05:02:21.820005 [W:onnxruntime:, helper.cc:78 IsInputSupported] CoreML does not support shapes with dimension values of 0. Input:/Slice_64_output_0, shape: {0}
2026-10-02 05:02:21.820 moonshine-probe[90671:14264402] 2026-10-02 05:02:21.820014 [W:onnxruntime:, helper.cc:78 IsInputSupported] CoreML does not support shapes with dimension values of 0. Input:/Slice_69_output_0, shape: {0}
2026-10-02 05:02:21.820 moonshine-probe[90671:14264402] 2026-10-02 05:02:21.820038 [W:onnxruntime:, helper.cc:78 IsInputSupported] CoreML does not support shapes with dimension values of 0. Input:/Slice_74_output_0, shape: {0}
2026-10-02 05:02:21.820 moonshine-probe[90671:14264402] 2026-10-02 05:02:21.820047 [W:onnxruntime:, helper.cc:78 IsInputSupported] CoreML does not support shapes with dimension values of 0. Input:/Slice_79_output_0, shape: {0}
2026-10-02 05:02:21.820 moonshine-probe[90671:14264402] 2026-10-02 05:02:21.820075 [W:onnxruntime:, helper.cc:78 IsInputSupported] CoreML does not support shapes with dimension values of 0. Input:/Slice_84_output_0, shape: {0}
2026-10-02 05:02:21.820 moonshine-probe[90671:14264402] 2026-10-02 05:02:21.820083 [W:onnxruntime:, helper.cc:78 IsInputSupported] CoreML does not support shapes with dimension values of 0. Input:/Slice_89_output_0, shape: {0}
2026-10-02 05:02:21.820 moonshine-probe[90671:14264402] 2026-10-02 05:02:21.820109 [W:onnxruntime:, helper.cc:78 IsInputSupported] CoreML does not support shapes with dimension values of 0. Input:/Slice_94_output_0, shape: {0}
2026-10-02 05:02:21.820 moonshine-probe[90671:14264402] 2026-10-02 05:02:21.820130 [W:onnxruntime:, helper.cc:78 IsInputSupported] CoreML does not support shapes with dimension values of 0. Input:/Slice_99_output_0, shape: {0}
2026-10-02 05:02:21.820 moonshine-probe[90671:14264402] 2026-10-02 05:02:21.820657 [W:onnxruntime:, coreml_execution_provider.cc:113 GetCapability] CoreMLExecutionProvider::GetCapability, number of partitions supported by CoreML: 182 number of nodes in the graph: 1058 number of nodes supported by CoreML: 430
Thread 0x1f6855e80:bin-tokenizer.cpp:256:build_merge_index(): No byte fallback block in this vocabulary, so it cannot be byte-pair encoded; falling back to longest-match encoding.

Context leak detected, CoreAnalytics returned false
Context leak detected, CoreAnalytics returned false
2026-10-02 05:02:24.169 moonshine-probe[90671:14264402] 2026-10-02 05:02:24.169754 [E:onnxruntime:, sequential_executor.cc:572 ExecuteKernel] Non-zero status code returned while running 15205642807640103535_CoreML_15205642807640103535_0 node. Name:'CoreMLExecutionProvider_15205642807640103535_CoreML_15205642807640103535_0_0' Status Message: coreml_execution_provider.cc:198 operator() Input (k_self) has a dynamic shape ({10,1,8,-1,64}) but the runtime shape ({10,1,8,0,64}) has zero elements. This is not supported by the CoreML EP.
Thread 0x1f6855e80:moonshine-streaming-model.cpp:1190:run_decoder_with_cross_kv(): ORT Error: Non-zero status code returned while running 15205642807640103535_CoreML_15205642807640103535_0 node. Name:'CoreMLExecutionProvider_15205642807640103535_CoreML_15205642807640103535_0_0' Status Message: coreml_execution_provider.cc:198 operator() Input (k_self) has a dynamic shape ({10,1,8,-1,64}) but the runtime shape ({10,1,8,0,64}) has zero elements. This is not supported by the CoreML EP.
2026-10-02 05:02:24.230 moonshine-probe[90671:14264402] 2026-10-02 05:02:24.230469 [E:onnxruntime:, sequential_executor.cc:572 ExecuteKernel] Non-zero status code returned while running 15205642807640103535_CoreML_15205642807640103535_0 node. Name:'CoreMLExecutionProvider_15205642807640103535_CoreML_15205642807640103535_0_0' Status Message: coreml_execution_provider.cc:198 operator() Input (k_self) has a dynamic shape ({10,1,8,-1,64}) but the runtime shape ({10,1,8,0,64}) has zero elements. This is not supported by the CoreML EP.
Thread 0x1f6855e80:moonshine-streaming-model.cpp:1190:run_decoder_with_cross_kv(): ORT Error: Non-zero status code returned while running 15205642807640103535_CoreML_15205642807640103535_0 node. Name:'CoreMLExecutionProvider_15205642807640103535_CoreML_15205642807640103535_0_0' Status Message: coreml_execution_provider.cc:198 operator() Input (k_self) has a dynamic shape ({10,1,8,-1,64}) but the runtime shape ({10,1,8,0,64}) has zero elements. This is not supported by the CoreML EP.
Thread 0x1f6855e80:transcriber.cpp:1444:transcribe_segment_with_streaming_model(): Speculative decode_full failed: 1
Thread 0x1f6855e80:moonshine-c-api.cpp:617:moonshine_transcribe_stream(): Failed to transcribe stream: Speculative decode_full failed: 1

Unknown error
